apiVersion: config.openshift.io/v1
kind: ClusterVersion
metadata:
  annotations:
    argocd.argoproj.io/sync-options: Prune=false
  labels:
    name: version
  name: version
spec:
  channel: stable-4.8
  upstream: https://api.openshift.com/api/upgrades_info/v1/graph
